
> fynix-hub@1.0.0 make:flatpak
> electron-forge make --platform=linux --arch=x64

❯ Checking your system
✔ Checking your system
[?25h❯ Loading configuration
✔ Loading configuration
❯ Resolving make targets
› Making for the following targets: 
✔ Resolving make targets
❯ Running package command
❯ Preparing to package application
✔ Preparing to package application
❯ Running packaging hooks
❯ Running generateAssets hook
✔ Running generateAssets hook
❯ Running prePackage hook
❯ [plugin-vite] Building production Vite bundles
❯ Building main and preload targets...
❯ Building renderer targets...
❯ Building src/main/index.ts target
❯ Building src/preload/index.ts target

 WARN  inlineDynamicImports option is deprecated, please use codeSplitting: false instead.

✔ Building src/preload/index.ts target
✔ Building src/main/index.ts target
✔ Building main and preload targets...
✔ Built target main_window
✔ Building renderer targets...
✔ [plugin-vite] Building production Vite bundles
✔ Running prePackage hook
✔ Running packaging hooks
❯ Packaging application
› Determining targets...
❯ Packaging for x64 on linux
❯ Copying files
❯ Preparing native dependencies
❯ Finalizing package
✔ Copying files
✔ Preparing native dependencies: 2 / 2
✔ Finalizing package
✔ Packaging for x64 on linux
✔ Packaging application
❯ Running postPackage hook
✔ Running postPackage hook
✔ Running package command
❯ Running preMake hook
❯ Running preMake hook from forgeConfig
✔ Running preMake hook from forgeConfig
✔ Running preMake hook
❯ Making distributables
❯ Making a flatpak distributable for linux/x64
✖ Making a flatpak distributable for linux/x64 [FAILED: flatpak failed with status code 1]
✖ Making distributables [FAILED: flatpak failed with status code 1]
[?25h
An unhandled rejection has occurred inside Forge:
Error: flatpak failed with status code 1
at ChildProcess.<anonymous> (/home/boc/Documents/Fynix Media Hub/fynix-hub/node_modules/@malept/flatpak-bundler/index.js:71:16)
    at ChildProcess.emit (node:events:519:28)
    at ChildProcess.emit (node:domain:489:12)
    at maybeClose (node:internal/child_process:1101:16)
    at Socket.<anonymous> (node:internal/child_process:456:11)
    at Socket.emit (node:events:519:28)
    at Socket.emit (node:domain:489:12)
    at Pipe.<anonymous> (node:net:346:12)
